[36mvite v5.4.21 [32mbuilding SSR bundle for production...[36m[39m
transforming...
0:33:19 [vite-plugin-svelte] C:/Users/tomih/.gemini/antigravity/ChillChess/ChillChess/src/routes/kanban/+page.svelte:143:24 A11y: Avoid using autofocus
141:                         placeholder="Ej: Revisar propuesta cliente"
142:                         class="w-full bg-slate-800/80 border border-slate-700/50 rounded-xl px-4 py-3 text-sm text-white placeholder:text-slate-600 focus:outline-none focus:ring-2 focus:ring-brand-500 transition-all"
143:                         autofocus
                             ^
144:                     />
145:                 </div>
0:33:19 [vite-plugin-svelte] C:/Users/tomih/.gemini/antigravity/ChillChess/ChillChess/src/routes/kanban/+page.svelte:107:4 A11y: noninteractive element cannot have nonnegative tabIndex value
105: <!-- Add Task Modal -->
106: {#if showAddModal}
107:     <div
         ^
108:         class="fixed inset-0 bg-black/60 backdrop-blur-sm z-50 flex items-center justify-center p-4"
109:         transition:fade={{ duration: 200 }}
0:33:19 [vite-plugin-svelte] C:/Users/tomih/.gemini/antigravity/ChillChess/ChillChess/src/routes/kanban/+page.svelte:107:4 A11y: Non-interactive element <div> should not be assigned mouse or keyboard event listeners.
105: <!-- Add Task Modal -->
106: {#if showAddModal}
107:     <div
         ^
108:         class="fixed inset-0 bg-black/60 backdrop-blur-sm z-50 flex items-center justify-center p-4"
109:         transition:fade={{ duration: 200 }}
[32m???[39m 51 modules transformed.
[31mx[39m Build failed in 544ms
[31merror during build:
[31m[vite-plugin-svelte] [plugin vite-plugin-svelte] src/routes/password/+page.svelte (137:39): C:/Users/tomih/.gemini/antigravity/ChillChess/ChillChess/src/routes/password/+page.svelte:137:39 Expected >[31m
file: [36mC:/Users/tomih/.gemini/antigravity/ChillChess/ChillChess/src/routes/password/+page.svelte:137:39[31m
[33m
 135 |                      on:click={opt.toggle}
 136 |                      class="p-3 rounded-xl border transition-all flex items-center justify-between text-sm font-bold"
 137 |                      class:bg-brand-500/10={opt.value}
                                               ^
 138 |                      class:border-brand-500/30={opt.value}
 139 |                      class:text-brand-400={opt.value}
[31m
ParseError: Expected >
    at error (file:///C:/Users/tomih/.gemini/antigravity/ChillChess/ChillChess/node_modules/svelte/src/compiler/utils/error.js:56:16)
    at Parser.error (file:///C:/Users/tomih/.gemini/antigravity/ChillChess/ChillChess/node_modules/svelte/src/compiler/parse/index.js:143:3)
    at Parser.eat (file:///C:/Users/tomih/.gemini/antigravity/ChillChess/ChillChess/node_modules/svelte/src/compiler/parse/index.js:163:9)
    at tag (file:///C:/Users/tomih/.gemini/antigravity/ChillChess/ChillChess/node_modules/svelte/src/compiler/parse/state/tag.js:209:9)
    at new Parser (file:///C:/Users/tomih/.gemini/antigravity/ChillChess/ChillChess/node_modules/svelte/src/compiler/parse/index.js:91:12)
    at parse (file:///C:/Users/tomih/.gemini/antigravity/ChillChess/ChillChess/node_modules/svelte/src/compiler/parse/index.js:268:17)
    at Module.compile (file:///C:/Users/tomih/.gemini/antigravity/ChillChess/ChillChess/node_modules/svelte/src/compiler/compile/index.js:136:14)
    at compileSvelte (file:///C:/Users/tomih/.gemini/antigravity/ChillChess/ChillChess/node_modules/@sveltejs/vite-plugin-svelte/src/utils/compile.js:140:22)
    at process.processTicksAndRejections (node:internal/process/task_queues:105:5)
    at async Object.transform (file:///C:/Users/tomih/.gemini/antigravity/ChillChess/ChillChess/node_modules/@sveltejs/vite-plugin-svelte/src/index.js:152:20)[39m
